// Jest Snapshot v1, https://goo.gl/fbAQLP

exports[`createLaborHandler when the body is incorrectly formatted should throw an error 1`] = `
[ZodError: [
  {
    "code": "invalid_type",
    "expected": "string",
    "received": "undefined",
    "path": [
      "userId"
    ],
    "message": "Required"
  },
  {
    "code": "invalid_type",
    "expected": "array",
    "received": "undefined",
    "path": [
      "contractions"
    ],
    "message": "Required"
  },
  {
    "code": "invalid_type",
    "expected": "object",
    "received": "undefined",
    "path": [
      "calculated"
    ],
    "message": "Required"
  },
  {
    "code": "invalid_type",
    "expected": "number",
    "received": "undefined",
    "path": [
      "bishopScore"
    ],
    "message": "Required"
  }
]]
`;
